EN controlvga NULL C:/Users/FONTEILLE/Desktop/ISE/Project2.1/controlVGA.vhd sub00/vhpl18 1520941040
AR troll behavioral C:/Users/FONTEILLE/Desktop/ISE/Project2.1/troll.vhd sub00/vhpl09 1520941031
AR spider behavioral C:/Users/FONTEILLE/Desktop/ISE/Project2.1/spider.vhd sub00/vhpl11 1520941033
EN collision NULL C:/Users/FONTEILLE/Desktop/ISE/Project2.1/collision.vhd sub00/vhpl14 1520941036
EN troll NULL C:/Users/FONTEILLE/Desktop/ISE/Project2.1/troll.vhd sub00/vhpl08 1520941030
EN move_ennemy NULL C:/Users/FONTEILLE/Desktop/ISE/Project2.1/move_ennemy.vhd sub00/vhpl02 1520941024
AR controlvga rtl C:/Users/FONTEILLE/Desktop/ISE/Project2.1/controlVGA.vhd sub00/vhpl19 1520941041
AR collision behavioral C:/Users/FONTEILLE/Desktop/ISE/Project2.1/collision.vhd sub00/vhpl15 1520941037
EN missile NULL C:/Users/FONTEILLE/Desktop/ISE/Project2.1/missile.vhd sub00/vhpl04 1520941026
AR turret behavioral C:/Users/FONTEILLE/Desktop/ISE/Project2.1/turret.vhd sub00/vhpl07 1520941029
AR end_game behavioral C:/Users/FONTEILLE/Desktop/ISE/Project2.1/end_game.vhd sub00/vhpl17 1520941039
EN top NULL C:/Users/FONTEILLE/Desktop/ISE/Project2.1/Top.vhd sub00/vhpl20 1520941042
AR move_ennemy behavioral C:/Users/FONTEILLE/Desktop/ISE/Project2.1/move_ennemy.vhd sub00/vhpl03 1520941025
AR move_missile behavioral C:/Users/FONTEILLE/Desktop/ISE/Project2.1/move_missile.vhd sub00/vhpl01 1520941023
AR alien behavioral C:/Users/FONTEILLE/Desktop/ISE/Project2.1/alien.vhd sub00/vhpl13 1520941035
AR missile behavioral C:/Users/FONTEILLE/Desktop/ISE/Project2.1/missile.vhd sub00/vhpl05 1520941027
EN move_missile NULL C:/Users/FONTEILLE/Desktop/ISE/Project2.1/move_missile.vhd sub00/vhpl00 1520941022
EN alien NULL C:/Users/FONTEILLE/Desktop/ISE/Project2.1/alien.vhd sub00/vhpl12 1520941034
EN spider NULL C:/Users/FONTEILLE/Desktop/ISE/Project2.1/spider.vhd sub00/vhpl10 1520941032
EN turret NULL C:/Users/FONTEILLE/Desktop/ISE/Project2.1/turret.vhd sub00/vhpl06 1520941028
AR top behavioral C:/Users/FONTEILLE/Desktop/ISE/Project2.1/Top.vhd sub00/vhpl21 1520941043
EN end_game NULL C:/Users/FONTEILLE/Desktop/ISE/Project2.1/end_game.vhd sub00/vhpl16 1520941038
