V3 54
FL C:/Users/FONTEILLE/Desktop/ISE/Project2.1/alien.vhd 2017/08/03.10:44:38 P.20131013
EN work/alien 1520941034 FL C:/Users/FONTEILLE/Desktop/ISE/Project2.1/alien.vhd \
      PB ieee/std_logic_1164 1381692176 PB ieee/NUMERIC_STD 1381692181
AR work/alien/Behavioral 1520941035 \
      FL C:/Users/FONTEILLE/Desktop/ISE/Project2.1/alien.vhd EN work/alien 1520941034 \
      CP move_ennemy
FL C:/Users/FONTEILLE/Desktop/ISE/Project2.1/collision.vhd 2017/08/03.10:44:38 P.20131013
EN work/collision 1520941036 \
      FL C:/Users/FONTEILLE/Desktop/ISE/Project2.1/collision.vhd \
      PB ieee/std_logic_1164 1381692176 PB ieee/NUMERIC_STD 1381692181
AR work/collision/Behavioral 1520941037 \
      FL C:/Users/FONTEILLE/Desktop/ISE/Project2.1/collision.vhd \
      EN work/collision 1520941036
FL C:/Users/FONTEILLE/Desktop/ISE/Project2.1/controlVGA.vhd 2017/08/03.10:44:38 P.20131013
EN work/controlVGA 1520941040 \
      FL C:/Users/FONTEILLE/Desktop/ISE/Project2.1/controlVGA.vhd \
      PB ieee/std_logic_1164 1381692176 PB ieee/NUMERIC_STD 1381692181
AR work/controlVGA/rtl 1520941041 \
      FL C:/Users/FONTEILLE/Desktop/ISE/Project2.1/controlVGA.vhd \
      EN work/controlVGA 1520941040
FL C:/Users/FONTEILLE/Desktop/ISE/Project2.1/end_game.vhd 2017/08/03.10:44:38 P.20131013
EN work/end_game 1520941038 \
      FL C:/Users/FONTEILLE/Desktop/ISE/Project2.1/end_game.vhd \
      PB ieee/std_logic_1164 1381692176 PB ieee/NUMERIC_STD 1381692181
AR work/end_game/Behavioral 1520941039 \
      FL C:/Users/FONTEILLE/Desktop/ISE/Project2.1/end_game.vhd EN work/end_game 1520941038
FL C:/Users/FONTEILLE/Desktop/ISE/Project2.1/missile.vhd 2017/08/03.10:44:38 P.20131013
EN work/missile 1520941026 \
      FL C:/Users/FONTEILLE/Desktop/ISE/Project2.1/missile.vhd \
      PB ieee/std_logic_1164 1381692176 PB ieee/NUMERIC_STD 1381692181
AR work/missile/Behavioral 1520941027 \
      FL C:/Users/FONTEILLE/Desktop/ISE/Project2.1/missile.vhd EN work/missile 1520941026 \
      CP move_missile
FL C:/Users/FONTEILLE/Desktop/ISE/Project2.1/move_ennemy.vhd 2017/08/03.10:44:38 P.20131013
EN work/move_ennemy 1520941024 \
      FL C:/Users/FONTEILLE/Desktop/ISE/Project2.1/move_ennemy.vhd \
      PB ieee/std_logic_1164 1381692176 PB ieee/NUMERIC_STD 1381692181
AR work/move_ennemy/Behavioral 1520941025 \
      FL C:/Users/FONTEILLE/Desktop/ISE/Project2.1/move_ennemy.vhd \
      EN work/move_ennemy 1520941024
FL C:/Users/FONTEILLE/Desktop/ISE/Project2.1/move_missile.vhd 2017/08/03.10:44:38 P.20131013
EN work/move_missile 1520941022 \
      FL C:/Users/FONTEILLE/Desktop/ISE/Project2.1/move_missile.vhd \
      PB ieee/std_logic_1164 1381692176 PB ieee/NUMERIC_STD 1381692181
AR work/move_missile/Behavioral 1520941023 \
      FL C:/Users/FONTEILLE/Desktop/ISE/Project2.1/move_missile.vhd \
      EN work/move_missile 1520941022
FL C:/Users/FONTEILLE/Desktop/ISE/Project2.1/spider.vhd 2017/08/03.10:44:38 P.20131013
EN work/spider 1520941032 FL C:/Users/FONTEILLE/Desktop/ISE/Project2.1/spider.vhd \
      PB ieee/std_logic_1164 1381692176 PB ieee/NUMERIC_STD 1381692181
AR work/spider/Behavioral 1520941033 \
      FL C:/Users/FONTEILLE/Desktop/ISE/Project2.1/spider.vhd EN work/spider 1520941032 \
      CP move_ennemy
FL C:/Users/FONTEILLE/Desktop/ISE/Project2.1/Top.vhd 2017/08/03.10:44:38 P.20131013
EN work/Top 1520941042 FL C:/Users/FONTEILLE/Desktop/ISE/Project2.1/Top.vhd \
      PB ieee/std_logic_1164 1381692176 PB ieee/NUMERIC_STD 1381692181
AR work/Top/Behavioral 1520941043 \
      FL C:/Users/FONTEILLE/Desktop/ISE/Project2.1/Top.vhd EN work/Top 1520941042 \
      CP turret CP troll CP spider CP alien CP collision CP end_game CP controlVGA
FL C:/Users/FONTEILLE/Desktop/ISE/Project2.1/troll.vhd 2017/08/03.10:44:40 P.20131013
EN work/troll 1520941030 FL C:/Users/FONTEILLE/Desktop/ISE/Project2.1/troll.vhd \
      PB ieee/std_logic_1164 1381692176 PB ieee/NUMERIC_STD 1381692181
AR work/troll/Behavioral 1520941031 \
      FL C:/Users/FONTEILLE/Desktop/ISE/Project2.1/troll.vhd EN work/troll 1520941030 \
      CP move_ennemy
FL C:/Users/FONTEILLE/Desktop/ISE/Project2.1/turret.vhd 2017/08/03.10:44:40 P.20131013
EN work/turret 1520941028 FL C:/Users/FONTEILLE/Desktop/ISE/Project2.1/turret.vhd \
      PB ieee/std_logic_1164 1381692176 PB ieee/NUMERIC_STD 1381692181
AR work/turret/Behavioral 1520941029 \
      FL C:/Users/FONTEILLE/Desktop/ISE/Project2.1/turret.vhd EN work/turret 1520941028 \
      CP missile
FL "D:/Desktop/Nicolas/ECE/ING 4/VHDL/Project/Tower_Defense-Invasion/alien.vhd" 2015/12/25.21:48:10 P.20131013
FL "D:/Desktop/Nicolas/ECE/ING 4/VHDL/Project/Tower_Defense-Invasion/collision.vhd" 2015/12/25.21:48:15 P.20131013
FL "D:/Desktop/Nicolas/ECE/ING 4/VHDL/Project/Tower_Defense-Invasion/controlVGA.vhd" 2015/12/25.21:48:26 P.20131013
FL "D:/Desktop/Nicolas/ECE/ING 4/VHDL/Project/Tower_Defense-Invasion/end_game.vhd" 2015/12/25.21:48:20 P.20131013
FL "D:/Desktop/Nicolas/ECE/ING 4/VHDL/Project/Tower_Defense-Invasion/missile.vhd" 2015/12/25.21:47:11 P.20131013
FL "D:/Desktop/Nicolas/ECE/ING 4/VHDL/Project/Tower_Defense-Invasion/move_ennemy.vhd" 2015/12/25.21:47:27 P.20131013
FL "D:/Desktop/Nicolas/ECE/ING 4/VHDL/Project/Tower_Defense-Invasion/move_missile.vhd" 2015/12/25.21:47:15 P.20131013
FL "D:/Desktop/Nicolas/ECE/ING 4/VHDL/Project/Tower_Defense-Invasion/spider.vhd" 2015/12/25.21:47:35 P.20131013
FL "D:/Desktop/Nicolas/ECE/ING 4/VHDL/Project/Tower_Defense-Invasion/Top.vhd" 2015/12/25.21:46:59 P.20131013
FL "D:/Desktop/Nicolas/ECE/ING 4/VHDL/Project/Tower_Defense-Invasion/troll.vhd" 2015/12/25.21:47:19 P.20131013
FL "D:/Desktop/Nicolas/ECE/ING 4/VHDL/Project/Tower_Defense-Invasion/turret.vhd" 2015/12/25.21:47:04 P.20131013
